static_strings.c:9:6:static_strings_init	16	static
static_strings.c:38:5:static_strings_get_string_max_length	16	static
static_strings.c:64:35:static_strings_copy	24	static
static_strings.c:77:35:static_strings_move	24	static
static_strings.c:85:35:static_strings_clone	24	static
static_strings.c:98:35:static_strings_allocate	24	static
static_strings.c:159:35:static_strings_save	24	static
static_strings.c:173:5:static_strings_create_custom_string	16	static
static_strings.c:181:6:static_strings_deallocate	16	static
static_strings.c:187:5:static_strings_is_line	16	static
static_strings.c:194:10:static_strings_strlen	24	static
static_strings.c:216:6:static_strings_string_splitter_set_parameters	16	static
static_strings.c:222:5:static_strings_string_splitter_get_next_token	24	static
static_strings.c:243:35:static_strings_substring	24	static
static_strings.c:262:35:static_strings_concatenate	24	static
static_strings.c:275:35:static_strings_concatenate_and_clean	24	static
static_strings.c:284:35:static_strings_concatenate_and_clean_both	24	static
static_strings.c:294:35:static_strings_concatenate_all	24	static
static_strings.c:309:35:static_strings_concatenate_and_clean_all	24	static
static_strings.c:325:5:static_strings_contains_string	32	static
static_strings.c:346:5:static_strings_contains_char	24	static
static_strings.c:356:5:static_strings_compare	24	static
static_strings.c:369:35:static_strings_uint8_to_string	80	static
static_strings.c:382:35:static_strings_uint16_to_string	80	static
static_strings.c:395:35:static_strings_uint32_to_string	80	static
static_strings.c:408:35:static_strings_int8_to_string	80	static
static_strings.c:421:35:static_strings_int16_to_string	80	static
static_strings.c:434:35:static_strings_int32_to_string	80	static
static_strings.c:447:35:static_strings_float_to_string	88	static
static_strings.c:460:35:static_strings_double_to_string	80	static
