static_strings.c:9:6:static_strings_init	16	static
static_strings.c:38:5:static_strings_get_string_max_length	16	static
static_strings.c:64:35:static_strings_copy	24	static
static_strings.c:77:35:static_strings_move	24	static
static_strings.c:85:35:static_strings_clone	24	static
static_strings.c:98:35:static_strings_allocate	24	static
static_strings.c:149:35:static_strings_save	24	static
static_strings.c:163:5:static_strings_create_custom_string	16	static
static_strings.c:171:6:static_strings_deallocate	16	static
static_strings.c:177:5:static_strings_is_line	16	static
static_strings.c:184:10:static_strings_strlen	24	static
static_strings.c:206:6:static_strings_string_splitter_set_parameters	16	static
static_strings.c:212:5:static_strings_string_splitter_get_next_token	24	static
static_strings.c:233:35:static_strings_substring	24	static
static_strings.c:252:35:static_strings_concatenate	24	static
static_strings.c:264:35:static_strings_concatenate_and_clean	24	static
static_strings.c:273:35:static_strings_concatenate_all	24	static
static_strings.c:288:5:static_strings_contains_string	32	static
static_strings.c:309:5:static_strings_contains_char	24	static
static_strings.c:319:5:static_strings_compare	24	static
static_strings.c:332:35:static_strings_uint8_to_string	80	static
static_strings.c:345:35:static_strings_uint16_to_string	80	static
static_strings.c:358:35:static_strings_uint32_to_string	80	static
static_strings.c:371:35:static_strings_int8_to_string	80	static
static_strings.c:384:35:static_strings_int16_to_string	80	static
static_strings.c:397:35:static_strings_int32_to_string	80	static
static_strings.c:410:35:static_strings_float_to_string	88	static
static_strings.c:423:35:static_strings_double_to_string	80	static
