static_strings.c:12:6:static_strings_init	16	static
static_strings.c:41:5:static_strings_get_string_max_length	16	static
static_strings.c:67:35:static_strings_copy	24	static
static_strings.c:80:35:static_strings_move	24	static
static_strings.c:88:35:static_strings_clone	24	static
static_strings.c:101:35:static_strings_allocate	24	static
static_strings.c:162:35:static_strings_save	24	static
static_strings.c:176:5:static_strings_create_custom_string	16	static
static_strings.c:184:6:static_strings_deallocate	16	static
static_strings.c:190:5:static_strings_is_line	16	static
static_strings.c:197:10:static_strings_strlen	24	static
static_strings.c:219:6:static_strings_string_splitter_set_parameters	16	static
static_strings.c:225:5:static_strings_string_splitter_get_next_token	24	static
static_strings.c:246:35:static_strings_substring	24	static
static_strings.c:265:35:static_strings_concatenate	24	static
static_strings.c:278:35:static_strings_concatenate_and_clean	24	static
static_strings.c:287:35:static_strings_concatenate_and_clean_both	24	static
static_strings.c:297:35:static_strings_concatenate_all	24	static
static_strings.c:312:35:static_strings_concatenate_and_clean_all	24	static
static_strings.c:328:5:static_strings_contains_string	32	static
static_strings.c:349:5:static_strings_contains_char	24	static
static_strings.c:359:5:static_strings_compare	24	static
static_strings.c:372:35:static_strings_uint8_to_string	80	static
static_strings.c:385:35:static_strings_uint16_to_string	80	static
static_strings.c:398:35:static_strings_uint32_to_string	80	static
static_strings.c:411:35:static_strings_int8_to_string	80	static
static_strings.c:424:35:static_strings_int16_to_string	80	static
static_strings.c:437:35:static_strings_int32_to_string	80	static
static_strings.c:450:35:static_strings_float_to_string	88	static
static_strings.c:463:35:static_strings_double_to_string	80	static
